2025-03-25 01:30:51,146 - __main__ - INFO - 已保存 BILLY 的 18 個人臉編碼
2025-03-25 01:30:51,149 - __main__ - INFO - 已保存 比利 的 38 個人臉編碼
2025-03-25 01:30:51,149 - __main__ - INFO - 已載入 2 個人的 56 個面部數據
2025-03-25 01:31:18,053 - __main__ - ERROR - 無法打開攝像頭 -1
2025-03-25 01:39:03,613 - __main__ - INFO - 已載入 1 個人的 18 個面部數據
2025-03-25 01:45:26,633 - __main__ - INFO - 已載入 1 個人的 18 個面部數據
2025-03-25 01:45:57,282 - __main__ - INFO - 未找到GPU，將使用CPU模式
2025-03-25 01:45:58,060 - __main__ - INFO - 已載入 1 個人的 18 個面部數據
2025-03-25 01:46:24,592 - __main__ - INFO - 檢測模型已更新為: cnn
2025-03-25 01:53:32,259 - __main__ - INFO - 已載入 1 個人的 18 個面部數據
2025-03-25 01:57:17,770 - __main__ - INFO - 已載入 1 個人的 18 個面部數據
2025-03-25 01:58:29,302 - __main__ - INFO - 已保存 BedGor 的 1 個人臉編碼
2025-03-25 01:58:29,914 - __main__ - INFO - 已保存 BedGor 的 2 個人臉編碼
2025-03-25 01:58:30,544 - __main__ - INFO - 已保存 BedGor 的 3 個人臉編碼
2025-03-25 01:58:31,184 - __main__ - INFO - 已保存 BedGor 的 4 個人臉編碼
2025-03-25 01:58:35,071 - __main__ - INFO - 已保存 BedGor 的 5 個人臉編碼
2025-03-25 01:58:35,676 - __main__ - INFO - 已保存 BedGor 的 6 個人臉編碼
2025-03-25 01:58:36,261 - __main__ - INFO - 已保存 BedGor 的 7 個人臉編碼
2025-03-25 01:58:36,842 - __main__ - INFO - 已保存 BedGor 的 8 個人臉編碼
2025-03-25 01:58:37,452 - __main__ - INFO - 已保存 BedGor 的 9 個人臉編碼
2025-03-25 01:58:38,029 - __main__ - INFO - 已保存 BedGor 的 10 個人臉編碼
2025-03-25 01:58:38,611 - __main__ - INFO - 已保存 BedGor 的 11 個人臉編碼
2025-03-25 01:58:39,191 - __main__ - INFO - 已保存 BedGor 的 12 個人臉編碼
2025-03-25 01:58:39,783 - __main__ - INFO - 已保存 BedGor 的 13 個人臉編碼
2025-03-25 01:58:40,376 - __main__ - INFO - 已保存 BedGor 的 14 個人臉編碼
2025-03-25 01:58:40,966 - __main__ - INFO - 已保存 BedGor 的 15 個人臉編碼
2025-03-25 01:58:41,551 - __main__ - INFO - 已保存 BedGor 的 16 個人臉編碼
2025-03-25 01:58:42,147 - __main__ - INFO - 已保存 BedGor 的 17 個人臉編碼
2025-03-25 01:58:42,754 - __main__ - INFO - 已保存 BedGor 的 18 個人臉編碼
2025-03-25 01:58:43,343 - __main__ - INFO - 已保存 BedGor 的 19 個人臉編碼
2025-03-25 01:58:43,968 - __main__ - INFO - 已保存 BedGor 的 20 個人臉編碼
2025-03-25 01:58:44,564 - __main__ - INFO - 已保存 BedGor 的 21 個人臉編碼
2025-03-25 01:58:45,158 - __main__ - INFO - 已保存 BedGor 的 22 個人臉編碼
2025-03-25 01:58:45,746 - __main__ - INFO - 已保存 BedGor 的 23 個人臉編碼
2025-03-25 01:58:46,345 - __main__ - INFO - 已保存 BedGor 的 24 個人臉編碼
2025-03-25 01:58:46,942 - __main__ - INFO - 已保存 BedGor 的 25 個人臉編碼
2025-03-25 01:58:47,555 - __main__ - INFO - 已保存 BedGor 的 26 個人臉編碼
2025-03-25 01:58:48,159 - __main__ - INFO - 已保存 BedGor 的 27 個人臉編碼
2025-03-25 01:58:48,754 - __main__ - INFO - 已保存 BedGor 的 28 個人臉編碼
2025-03-25 01:58:49,337 - __main__ - INFO - 已保存 BedGor 的 29 個人臉編碼
2025-03-25 01:58:49,927 - __main__ - INFO - 已保存 BedGor 的 30 個人臉編碼
2025-03-25 01:58:50,544 - __main__ - INFO - 已保存 BedGor 的 31 個人臉編碼
2025-03-25 01:58:51,148 - __main__ - INFO - 已保存 BedGor 的 32 個人臉編碼
2025-03-25 01:58:51,750 - __main__ - INFO - 已保存 BedGor 的 33 個人臉編碼
2025-03-25 01:58:52,346 - __main__ - INFO - 已保存 BedGor 的 34 個人臉編碼
2025-03-25 01:58:52,948 - __main__ - INFO - 已保存 BedGor 的 35 個人臉編碼
2025-03-25 01:58:53,549 - __main__ - INFO - 已保存 BedGor 的 36 個人臉編碼
2025-03-25 01:58:54,157 - __main__ - INFO - 已保存 BedGor 的 37 個人臉編碼
2025-03-25 01:58:54,768 - __main__ - INFO - 已保存 BedGor 的 38 個人臉編碼
2025-03-25 01:58:55,371 - __main__ - INFO - 已保存 BedGor 的 39 個人臉編碼
2025-03-25 01:58:55,952 - __main__ - INFO - 已保存 BedGor 的 40 個人臉編碼
2025-03-25 01:58:56,533 - __main__ - INFO - 已保存 BedGor 的 41 個人臉編碼
2025-03-25 01:59:41,122 - __main__ - INFO - 已載入 2 個人的 59 個面部數據
2025-03-25 02:09:58,067 - __main__ - INFO - 已載入 2 個人的 59 個面部數據
2025-03-25 02:11:08,186 - __main__ - INFO - 已載入 2 個人的 59 個面部數據
2025-03-26 11:24:11,648 - __main__ - INFO - 已載入 2 個人的 59 個面部數據
2025-03-26 11:26:34,293 - __main__ - INFO - 已載入 2 個人的 59 個面部數據
2025-03-26 11:27:32,706 - __main__ - INFO - 已載入 2 個人的 59 個面部數據
2025-03-26 11:28:07,275 - __main__ - INFO - 已載入 2 個人的 59 個面部數據
2025-03-26 11:32:18,809 - __main__ - INFO - 已載入 2 個人的 59 個面部數據
2025-03-26 11:34:02,444 - __main__ - INFO - 已載入 2 個人的 59 個面部數據
2025-03-26 11:36:08,271 - __main__ - INFO - 已載入 2 個人的 59 個面部數據
2025-03-26 11:37:28,641 - __main__ - INFO - 已保存 BILLY 的 1 個人臉編碼
2025-03-26 11:37:33,300 - __main__ - INFO - 已保存 BILLY 的 2 個人臉編碼
2025-03-26 11:37:38,583 - __main__ - INFO - 已保存 BILLY 的 3 個人臉編碼
2025-03-26 11:38:02,575 - __main__ - INFO - 已保存 BILLY 的 4 個人臉編碼
2025-03-26 11:38:07,640 - __main__ - INFO - 已保存 BILLY 的 5 個人臉編碼
2025-03-26 11:39:08,695 - __main__ - INFO - 已載入 1 個人的 5 個面部數據
2025-03-26 11:43:34,712 - __main__ - INFO - 已載入 1 個人的 5 個面部數據
2025-03-26 11:50:45,098 - __main__ - INFO - 已載入 1 個人的 5 個面部數據
2025-03-26 11:58:20,222 - __main__ - INFO - 已載入 1 個人的 5 個面部數據
2025-03-26 11:58:57,071 - __main__ - INFO - 已載入 1 個人的 5 個面部數據
2025-03-26 12:02:14,941 - __main__ - INFO - 已載入 1 個人的 5 個面部數據
2025-03-26 12:02:50,629 - __main__ - INFO - 已載入 1 個人的 5 個面部數據
2025-03-26 12:03:29,482 - __main__ - INFO - 已載入 1 個人的 5 個面部數據
2025-03-26 12:18:57,744 - __main__ - INFO - 已載入 1 個人的 5 個面部數據
2025-03-26 12:21:52,062 - __main__ - INFO - 已載入 1 個人的 5 個面部數據
2025-03-26 12:24:17,925 - __main__ - INFO - 已載入 1 個人的 5 個面部數據
2025-03-26 12:26:46,986 - __main__ - INFO - 已載入 1 個人的 5 個面部數據
2025-03-26 12:31:43,144 - __main__ - INFO - 已載入 1 個人的 5 個面部數據
2025-03-26 13:30:00,059 - __main__ - INFO - 已載入 1 個人的 5 個面部數據
2025-03-26 13:33:32,416 - __main__ - INFO - 已載入 1 個人的 5 個面部數據
2025-03-26 13:34:45,598 - __main__ - INFO - 已載入 1 個人的 5 個面部數據
2025-03-26 14:13:56,599 - __main__ - INFO - 已載入 1 個人的 5 個面部數據
2025-03-26 14:17:15,830 - __main__ - INFO - 已載入 1 個人的 5 個面部數據
2025-03-26 14:19:38,000 - __main__ - INFO - 已載入 1 個人的 5 個面部數據
2025-03-26 14:24:32,634 - __main__ - INFO - 已載入 1 個人的 5 個面部數據
2025-03-26 14:27:06,914 - __main__ - INFO - 已載入 1 個人的 5 個面部數據
2025-03-26 14:27:13,611 - __main__ - INFO - 已載入 1 個人的 5 個面部數據
2025-03-26 14:28:47,162 - __main__ - INFO - 已載入 1 個人的 5 個面部數據
2025-03-26 14:30:53,629 - __main__ - INFO - 已載入 1 個人的 5 個面部數據
2025-03-26 14:32:08,973 - __main__ - INFO - 已載入 1 個人的 5 個面部數據
2025-03-26 14:35:00,933 - __main__ - INFO - 已載入 1 個人的 5 個面部數據
2025-03-26 14:38:34,262 - __main__ - INFO - 已載入 1 個人的 5 個面部數據
2025-03-26 14:42:21,604 - __main__ - INFO - 已載入 1 個人的 5 個面部數據
2025-03-26 14:44:56,140 - __main__ - INFO - 已載入 1 個人的 5 個面部數據
2025-03-26 14:46:32,499 - __main__ - INFO - 已載入 1 個人的 5 個面部數據
2025-03-26 14:48:54,047 - __main__ - INFO - 已載入 1 個人的 5 個面部數據
2025-03-26 14:55:00,366 - __main__ - INFO - 已載入 1 個人的 5 個面部數據
2025-03-26 14:58:23,223 - __main__ - INFO - 已載入 1 個人的 5 個面部數據
2025-03-26 15:00:16,098 - __main__ - INFO - 已載入 1 個人的 5 個面部數據
2025-03-26 22:45:50,595 - __main__ - INFO - 已載入 1 個人的 5 個面部數據
2025-03-26 22:46:50,243 - __main__ - INFO - 已保存 BILLY 的 6 個人臉編碼
2025-03-26 22:46:51,908 - __main__ - INFO - 已保存 BILLY 的 7 個人臉編碼
2025-03-26 22:46:53,645 - __main__ - INFO - 已保存 BILLY 的 8 個人臉編碼
2025-03-26 22:46:56,305 - __main__ - INFO - 已保存 BILLY 的 9 個人臉編碼
2025-03-26 22:46:58,320 - __main__ - INFO - 已保存 BILLY 的 10 個人臉編碼
2025-03-26 22:47:01,008 - __main__ - INFO - 已保存 BILLY 的 11 個人臉編碼
2025-03-26 22:47:12,176 - __main__ - INFO - 已保存 BILLY 的 12 個人臉編碼
2025-03-26 22:47:13,745 - __main__ - INFO - 已保存 BILLY 的 13 個人臉編碼
2025-03-26 22:47:16,218 - __main__ - INFO - 已保存 BILLY 的 14 個人臉編碼
2025-03-26 22:47:17,738 - __main__ - INFO - 已保存 BILLY 的 15 個人臉編碼
2025-03-26 22:47:25,015 - __main__ - INFO - 已保存 BILLY 的 16 個人臉編碼
2025-03-26 22:47:37,578 - __main__ - INFO - 已保存 BILLY 的 1 個人臉編碼
2025-03-26 22:47:38,542 - __main__ - INFO - 已保存 BILLY 的 2 個人臉編碼
2025-03-26 22:47:39,630 - __main__ - INFO - 已保存 BILLY 的 3 個人臉編碼
2025-03-26 22:47:40,563 - __main__ - INFO - 已保存 BILLY 的 4 個人臉編碼
2025-03-26 22:47:41,772 - __main__ - INFO - 已保存 BILLY 的 5 個人臉編碼
2025-03-26 22:47:55,991 - __main__ - INFO - 已保存 SAM 的 1 個人臉編碼
2025-03-26 22:47:57,372 - __main__ - INFO - 已保存 SAM 的 2 個人臉編碼
2025-03-26 22:47:58,566 - __main__ - INFO - 已保存 SAM 的 3 個人臉編碼
2025-03-26 22:47:59,735 - __main__ - INFO - 已保存 SAM 的 4 個人臉編碼
2025-03-26 22:48:01,980 - __main__ - INFO - 已保存 SAM 的 5 個人臉編碼
2025-03-26 22:48:03,217 - __main__ - INFO - 已保存 SAM 的 6 個人臉編碼
2025-03-26 22:48:30,844 - __main__ - INFO - 已載入 2 個人的 11 個面部數據
2025-03-27 03:21:05,910 - __main__ - INFO - 已載入 2 個人的 11 個面部數據
2025-03-27 03:23:18,509 - __main__ - INFO - 已載入 2 個人的 11 個面部數據
2025-03-27 03:45:57,952 - __main__ - INFO - 已載入 2 個人的 11 個面部數據
2025-03-27 09:50:20,634 - __main__ - INFO - 已載入 2 個人的 11 個面部數據
2025-03-27 09:55:34,062 - __main__ - INFO - 已載入 2 個人的 11 個面部數據
2025-03-27 09:56:00,232 - __main__ - INFO - 已載入 2 個人的 11 個面部數據
2025-03-27 10:46:05,718 - __main__ - INFO - 已載入 2 個人的 11 個面部數據
2025-03-27 10:46:27,923 - __main__ - INFO - 已載入 2 個人的 11 個面部數據
